[ 2026-08-21 21:07:06,011: customer_segmentation_logger : INFO : This is an info message]
[ 2026-09-05 13:30:37,833: customer_segmentation_logger : INFO : Entered initial_data_ingestion method of DataIngestion class]
[ 2026-09-05 13:30:37,837: customer_segmentation_logger : INFO : Exporting data from mongo db to pandas dataframe and saving it in feature store]
[ 2026-09-05 13:32:27,763: customer_segmentation_logger : INFO : Entered initial_data_ingestion method of DataIngestion class]
[ 2026-09-05 13:32:27,763: customer_segmentation_logger : INFO : Exporting data from mongo db to pandas dataframe and saving it in feature store]
[ 2026-09-05 13:40:14,099: customer_segmentation_logger : INFO : Entered initial_data_ingestion method of DataIngestion class]
[ 2026-09-05 13:40:14,100: customer_segmentation_logger : INFO : Exporting data from mongo db to pandas dataframe and saving it in feature store]
[ 2026-09-05 13:41:02,430: customer_segmentation_logger : INFO : Entered initial_data_ingestion method of DataIngestion class]
[ 2026-09-05 13:41:02,430: customer_segmentation_logger : INFO : Exporting data from mongo db to pandas dataframe and saving it in feature store]
[ 2026-09-05 13:41:54,592: customer_segmentation_logger : INFO : Entered initial_data_ingestion method of DataIngestion class]
[ 2026-09-05 13:41:54,593: customer_segmentation_logger : INFO : Exporting data from mongo db to pandas dataframe and saving it in feature store]
[ 2026-09-05 13:44:05,760: customer_segmentation_logger : INFO : Entered initial_data_ingestion method of DataIngestion class]
[ 2026-09-05 13:44:05,761: customer_segmentation_logger : INFO : Exporting data from mongo db to pandas dataframe and saving it in feature store]
[ 2026-09-05 13:44:49,173: customer_segmentation_logger : INFO : Entered initial_data_ingestion method of DataIngestion class]
[ 2026-09-05 13:44:49,173: customer_segmentation_logger : INFO : Exporting data from mongo db to pandas dataframe and saving it in feature store]
[ 2026-09-05 13:46:04,762: customer_segmentation_logger : INFO : Entered initial_data_ingestion method of DataIngestion class]
[ 2026-09-05 13:46:04,762: customer_segmentation_logger : INFO : Exporting data from mongo db to pandas dataframe and saving it in feature store]
[ 2026-09-05 13:48:19,827: customer_segmentation_logger : INFO : Entered initial_data_ingestion method of DataIngestion class]
[ 2026-09-05 13:48:19,827: customer_segmentation_logger : INFO : Exporting data from mongo db to pandas dataframe and saving it in feature store]
[ 2026-09-05 13:50:32,116: customer_segmentation_logger : INFO : Entered initial_data_ingestion method of DataIngestion class]
[ 2026-09-05 13:50:32,116: customer_segmentation_logger : INFO : Exporting data from mongo db to pandas dataframe and saving it in feature store]
[ 2026-09-05 13:52:15,178: customer_segmentation_logger : INFO : Entered initial_data_ingestion method of DataIngestion class]
[ 2026-09-05 13:52:15,178: customer_segmentation_logger : INFO : Exporting data from mongo db to pandas dataframe and saving it in feature store]
[ 2026-09-05 13:52:44,541: customer_segmentation_logger : INFO : Entered initial_data_ingestion method of DataIngestion class]
[ 2026-09-05 13:52:44,542: customer_segmentation_logger : INFO : Exporting data from mongo db to pandas dataframe and saving it in feature store]
[ 2026-09-05 13:59:55,609: customer_segmentation_logger : INFO : Entered initial_data_ingestion method of DataIngestion class]
[ 2026-09-05 13:59:55,609: customer_segmentation_logger : INFO : Exporting data from mongo db to pandas dataframe and saving it in feature store]
[ 2026-09-05 14:03:20,322: customer_segmentation_logger : INFO : Entered initial_data_ingestion method of DataIngestion class]
[ 2026-09-05 14:03:20,322: customer_segmentation_logger : INFO : Exporting data from mongo db to pandas dataframe and saving it in feature store]
[ 2026-09-05 14:03:20,334: customer_segmentation_logger : INFO : shape of dataframe (0, 0)]
[ 2026-09-05 14:05:55,710: customer_segmentation_logger : INFO : Entered initial_data_ingestion method of DataIngestion class]
[ 2026-09-05 14:05:55,710: customer_segmentation_logger : INFO : Exporting data from mongo db to pandas dataframe and saving it in feature store]
[ 2026-09-05 14:05:55,745: customer_segmentation_logger : INFO : shape of dataframe (0, 0)]
[ 2026-09-05 14:05:55,748: customer_segmentation_logger : INFO : saveing dataframe to feature store dir:src\artifact\09_05_2026_14_05_55\data_ingestion\feature_store\customer.csv]
[ 2026-09-05 14:06:47,882: customer_segmentation_logger : INFO : Entered initial_data_ingestion method of DataIngestion class]
[ 2026-09-05 14:06:47,882: customer_segmentation_logger : INFO : Exporting data from mongo db to pandas dataframe and saving it in feature store]
[ 2026-09-05 14:06:47,898: customer_segmentation_logger : INFO : shape of dataframe (0, 0)]
[ 2026-09-05 14:06:47,900: customer_segmentation_logger : INFO : saveing dataframe to feature store dir:src\artifact\09_05_2026_14_06_47\data_ingestion\feature_store\customer.csv]
[ 2026-09-05 14:08:54,148: customer_segmentation_logger : INFO : Entered initial_data_ingestion method of DataIngestion class]
[ 2026-09-05 14:08:54,149: customer_segmentation_logger : INFO : Exporting data from mongo db to pandas dataframe and saving it in feature store]
[ 2026-09-05 14:08:54,171: customer_segmentation_logger : INFO : shape of dataframe (0, 0)]
[ 2026-09-05 14:08:54,174: customer_segmentation_logger : INFO : saveing dataframe to feature store dir:src\artifact\09_05_2026_14_08_54\data_ingestion\feature_store\customer.csv]
[ 2026-09-05 14:09:28,127: customer_segmentation_logger : INFO : Entered initial_data_ingestion method of DataIngestion class]
[ 2026-09-05 14:09:28,127: customer_segmentation_logger : INFO : Exporting data from mongo db to pandas dataframe and saving it in feature store]
[ 2026-09-05 14:09:28,147: customer_segmentation_logger : INFO : shape of dataframe (0, 0)]
[ 2026-09-05 14:09:28,149: customer_segmentation_logger : INFO : saveing dataframe to feature store dir:src\artifact\09_05_2026_14_09_28\data_ingestion\feature_store\customer.csv]
[ 2026-09-05 14:14:26,957: customer_segmentation_logger : INFO : Entered initial_data_ingestion method of DataIngestion class]
[ 2026-09-05 14:14:26,958: customer_segmentation_logger : INFO : Exporting data from mongo db to pandas dataframe and saving it in feature store]
[ 2026-09-05 14:15:37,346: customer_segmentation_logger : INFO : Entered initial_data_ingestion method of DataIngestion class]
[ 2026-09-05 14:15:37,347: customer_segmentation_logger : INFO : Exporting data from mongo db to pandas dataframe and saving it in feature store]
[ 2026-09-05 14:15:37,402: customer_segmentation_logger : INFO : shape of dataframe (2240, 30)]
[ 2026-09-05 14:15:37,404: customer_segmentation_logger : INFO : saveing dataframe to feature store dir:src\artifact\09_05_2026_14_15_37\data_ingestion\feature_store\customer.csv]
[ 2026-09-05 14:15:37,427: customer_segmentation_logger : INFO : Got the data from mongodb and saved it in feature store and dropped the columns which are not required for training]
[ 2026-09-05 14:15:37,427: customer_segmentation_logger : INFO : Entered split_data-as_tarin_test method od DataIngestion class]
[ 2026-09-05 14:17:56,212: customer_segmentation_logger : INFO : Entered initial_data_ingestion method of DataIngestion class]
[ 2026-09-05 14:17:56,212: customer_segmentation_logger : INFO : Exporting data from mongo db to pandas dataframe and saving it in feature store]
[ 2026-09-05 14:17:56,252: customer_segmentation_logger : INFO : shape of dataframe (2240, 30)]
[ 2026-09-05 14:17:56,254: customer_segmentation_logger : INFO : saveing dataframe to feature store dir:src\artifact\09_05_2026_14_17_56\data_ingestion\feature_store\customer.csv]
[ 2026-09-05 14:17:56,269: customer_segmentation_logger : INFO : Got the data from mongodb and saved it in feature store and dropped the columns which are not required for training]
[ 2026-09-05 14:17:56,270: customer_segmentation_logger : INFO : Entered split_data-as_tarin_test method od DataIngestion class]
[ 2026-09-05 14:19:13,426: customer_segmentation_logger : INFO : Entered initial_data_ingestion method of DataIngestion class]
[ 2026-09-05 14:19:13,427: customer_segmentation_logger : INFO : Exporting data from mongo db to pandas dataframe and saving it in feature store]
[ 2026-09-05 14:19:13,467: customer_segmentation_logger : INFO : shape of dataframe (2240, 30)]
[ 2026-09-05 14:19:13,470: customer_segmentation_logger : INFO : saveing dataframe to feature store dir:src\artifact\09_05_2026_14_19_13\data_ingestion\feature_store\customer.csv]
[ 2026-09-05 14:19:13,484: customer_segmentation_logger : INFO : Got the data from mongodb and saved it in feature store and dropped the columns which are not required for training]
[ 2026-09-05 14:19:13,484: customer_segmentation_logger : INFO : Entered split_data-as_tarin_test method od DataIngestion class]
[ 2026-09-05 14:19:57,822: customer_segmentation_logger : INFO : Entered initial_data_ingestion method of DataIngestion class]
[ 2026-09-05 14:19:57,823: customer_segmentation_logger : INFO : Exporting data from mongo db to pandas dataframe and saving it in feature store]
[ 2026-09-05 14:19:57,882: customer_segmentation_logger : INFO : shape of dataframe (2240, 30)]
[ 2026-09-05 14:19:57,883: customer_segmentation_logger : INFO : saveing dataframe to feature store dir:src\artifact\09_05_2026_14_19_57\data_ingestion\feature_store\customer.csv]
[ 2026-09-05 14:19:57,903: customer_segmentation_logger : INFO : Got the data from mongodb and saved it in feature store and dropped the columns which are not required for training]
[ 2026-09-05 14:19:57,903: customer_segmentation_logger : INFO : Entered split_data-as_tarin_test method od DataIngestion class]
[ 2026-09-05 14:19:57,905: customer_segmentation_logger : INFO : Performed train test split on a dataframe]
[ 2026-09-05 14:20:43,577: customer_segmentation_logger : INFO : Entered initial_data_ingestion method of DataIngestion class]
[ 2026-09-05 14:20:43,577: customer_segmentation_logger : INFO : Exporting data from mongo db to pandas dataframe and saving it in feature store]
[ 2026-09-05 14:20:43,616: customer_segmentation_logger : INFO : shape of dataframe (2240, 30)]
[ 2026-09-05 14:20:43,618: customer_segmentation_logger : INFO : saveing dataframe to feature store dir:src\artifact\09_05_2026_14_20_43\data_ingestion\feature_store\customer.csv]
[ 2026-09-05 14:20:43,633: customer_segmentation_logger : INFO : Got the data from mongodb and saved it in feature store and dropped the columns which are not required for training]
[ 2026-09-05 14:20:43,634: customer_segmentation_logger : INFO : Entered split_data-as_tarin_test method od DataIngestion class]
[ 2026-09-05 14:20:43,635: customer_segmentation_logger : INFO : Performed train test split on a dataframe]
[ 2026-09-05 14:32:13,949: customer_segmentation_logger : INFO : Entered initial_data_ingestion method of DataIngestion class]
[ 2026-09-05 14:32:13,950: customer_segmentation_logger : INFO : Exporting data from mongo db to pandas dataframe and saving it in feature store]
[ 2026-09-05 14:32:13,990: customer_segmentation_logger : INFO : shape of dataframe (2240, 30)]
[ 2026-09-05 14:32:13,991: customer_segmentation_logger : INFO : saveing dataframe to feature store dir:src\artifact\09_05_2026_14_32_13\data_ingestion\feature_store\customer.csv]
[ 2026-09-05 14:32:14,007: customer_segmentation_logger : INFO : Got the data from mongodb and saved it in feature store and dropped the columns which are not required for training]
[ 2026-09-05 14:32:14,007: customer_segmentation_logger : INFO : Entered split_data-as_tarin_test method od DataIngestion class]
[ 2026-09-05 14:32:14,009: customer_segmentation_logger : INFO : Performed train test split on a dataframe]
[ 2026-09-05 14:32:14,019: customer_segmentation_logger : INFO : training data has been saved]
[ 2026-09-05 14:36:42,160: customer_segmentation_logger : INFO : Entered initial_data_ingestion method of DataIngestion class]
[ 2026-09-05 14:36:42,160: customer_segmentation_logger : INFO : Exporting data from mongo db to pandas dataframe and saving it in feature store]
[ 2026-09-05 14:36:42,199: customer_segmentation_logger : INFO : shape of dataframe (2240, 30)]
[ 2026-09-05 14:36:42,201: customer_segmentation_logger : INFO : saveing dataframe to feature store dir:src\artifact\09_05_2026_14_36_42\data_ingestion\feature_store\customer.csv]
[ 2026-09-05 14:36:42,221: customer_segmentation_logger : INFO : Got the data from mongodb and saved it in feature store and dropped the columns which are not required for training]
[ 2026-09-05 14:36:42,221: customer_segmentation_logger : INFO : Entered split_data-as_tarin_test method od DataIngestion class]
[ 2026-09-05 14:36:42,223: customer_segmentation_logger : INFO : Performed train test split on a dataframe]
[ 2026-09-05 14:36:42,233: customer_segmentation_logger : INFO : training data has been saved]
[ 2026-09-05 14:37:07,843: customer_segmentation_logger : INFO : Entered initial_data_ingestion method of DataIngestion class]
[ 2026-09-05 14:37:07,843: customer_segmentation_logger : INFO : Exporting data from mongo db to pandas dataframe and saving it in feature store]
[ 2026-09-05 14:37:07,883: customer_segmentation_logger : INFO : shape of dataframe (2240, 30)]
[ 2026-09-05 14:37:07,885: customer_segmentation_logger : INFO : saveing dataframe to feature store dir:src\artifact\09_05_2026_14_37_07\data_ingestion\feature_store\customer.csv]
[ 2026-09-05 14:37:07,899: customer_segmentation_logger : INFO : Got the data from mongodb and saved it in feature store and dropped the columns which are not required for training]
[ 2026-09-05 14:37:07,899: customer_segmentation_logger : INFO : Entered split_data-as_tarin_test method od DataIngestion class]
[ 2026-09-05 14:37:07,901: customer_segmentation_logger : INFO : Performed train test split on a dataframe]
[ 2026-09-05 14:37:07,909: customer_segmentation_logger : INFO : training data has been saved]
[ 2026-09-05 14:37:07,912: customer_segmentation_logger : INFO : Test has been saved]
[ 2026-09-05 14:37:07,913: customer_segmentation_logger : INFO : Train test split has been performed]
[ 2026-09-05 14:37:07,913: customer_segmentation_logger : INFO : Data ingestion artifact has been created: DataIngestionArtifact(trained_file_path='src\\artifact\\09_05_2026_14_37_07\\data_ingestion\\ingested\\train.csv', test_file_path='src\\artifact\\09_05_2026_14_37_07\\data_ingestion\\ingested\\test.csv')]
[ 2026-09-05 14:40:49,792: customer_segmentation_logger : INFO : Entered initial_data_ingestion method of DataIngestion class]
[ 2026-09-05 14:40:49,793: customer_segmentation_logger : INFO : Exporting data from mongo db to pandas dataframe and saving it in feature store]
[ 2026-09-05 14:40:49,858: customer_segmentation_logger : INFO : shape of dataframe (2240, 30)]
[ 2026-09-05 14:40:49,860: customer_segmentation_logger : INFO : saveing dataframe to feature store dir:src\artifact\09_05_2026_14_40_49\data_ingestion\feature_store\customer.csv]
[ 2026-09-05 14:40:49,874: customer_segmentation_logger : INFO : Got the data from mongodb and saved it in feature store and dropped the columns which are not required for training]
[ 2026-09-05 14:40:49,874: customer_segmentation_logger : INFO : Entered split_data-as_tarin_test method od DataIngestion class]
[ 2026-09-05 14:40:49,876: customer_segmentation_logger : INFO : Performed train test split on a dataframe]
[ 2026-09-05 14:40:49,884: customer_segmentation_logger : INFO : training data has been saved]
[ 2026-09-05 14:40:49,887: customer_segmentation_logger : INFO : Test has been saved]
[ 2026-09-05 14:40:49,888: customer_segmentation_logger : INFO : Train test split has been performed]
[ 2026-09-05 14:40:49,888: customer_segmentation_logger : INFO : Data ingestion artifact has been created: DataIngestionArtifact(trained_file_path='src\\artifact\\09_05_2026_14_40_49\\data_ingestion\\ingested\\train.csv', test_file_path='src\\artifact\\09_05_2026_14_40_49\\data_ingestion\\ingested\\test.csv')]
[ 2026-09-05 14:42:25,405: customer_segmentation_logger : INFO : Entered initial_data_ingestion method of DataIngestion class]
[ 2026-09-05 14:42:25,406: customer_segmentation_logger : INFO : Exporting data from mongo db to pandas dataframe and saving it in feature store]
[ 2026-09-05 14:42:25,445: customer_segmentation_logger : INFO : shape of dataframe (2240, 30)]
[ 2026-09-05 14:42:25,447: customer_segmentation_logger : INFO : saveing dataframe to feature store dir:src\artifact\09_05_2026_14_42_25\data_ingestion\feature_store\customer.csv]
[ 2026-09-05 14:42:25,461: customer_segmentation_logger : INFO : Got the data from mongodb and saved it in feature store and dropped the columns which are not required for training]
[ 2026-09-05 14:42:25,461: customer_segmentation_logger : INFO : Entered split_data-as_tarin_test method od DataIngestion class]
[ 2026-09-05 14:42:25,463: customer_segmentation_logger : INFO : Performed train test split on a dataframe]
[ 2026-09-05 14:42:25,471: customer_segmentation_logger : INFO : training data has been saved]
[ 2026-09-05 14:42:25,473: customer_segmentation_logger : INFO : Test has been saved]
[ 2026-09-05 14:42:25,474: customer_segmentation_logger : INFO : Train test split has been performed]
[ 2026-09-05 14:42:25,474: customer_segmentation_logger : INFO : Data ingestion artifact has been created: DataIngestionArtifact(trained_file_path='src\\artifact\\09_05_2026_14_42_25\\data_ingestion\\ingested\\train.csv', test_file_path='src\\artifact\\09_05_2026_14_42_25\\data_ingestion\\ingested\\test.csv')]
